{
  "x_size" : 30.0,
  "y_size" : 30.0,
  "children" : [ {
    "x_size" : 30.0,
    "y_size" : 30.0,
    "children" : [ {
      "x_size" : 150.0,
      "y_size" : 30.0,
      "children" : [ ],
      "x" : 0.0,
      "y" : 60.0
    }, {
      "x_size" : 150.0,
      "y_size" : 30.0,
      "children" : [ {
        "x_size" : 150.0,
        "y_size" : 30.0,
        "children" : [ ],
        "x" : 75.0,
        "y" : 90.0
      }, {
        "x_size" : 150.0,
        "y_size" : 30.0,
        "children" : [ ],
        "x" : 225.0,
        "y" : 90.0
      } ],
      "x" : 150.0,
      "y" : 60.0
    } ],
    "x" : 135.0,
    "y" : 30.0
  }, {
    "x_size" : 30.0,
    "y_size" : 30.0,
    "children" : [ ],
    "x" : 205.0,
    "y" : 30.0
  }, {
    "x_size" : 30.0,
    "y_size" : 30.0,
    "children" : [ ],
    "x" : 275.0,
    "y" : 30.0
  }, {
    "x_size" : 30.0,
    "y_size" : 60.0,
    "children" : [ ],
    "x" : 345.0,
    "y" : 30.0
  }, {
    "x_size" : 30.0,
    "y_size" : 30.0,
    "children" : [ ],
    "x" : 390.0,
    "y" : 30.0
  }, {
    "x_size" : 30.0,
    "y_size" : 60.0,
    "children" : [ {
      "x_size" : 150.0,
      "y_size" : 30.0,
      "children" : [ ],
      "x" : 375.0,
      "y" : 90.0
    } ],
    "x" : 435.0,
    "y" : 30.0
  } ],
  "x" : 285.0,
  "y" : 0.0
}
