{
  "x_size": 7.5,
  "y_size": 7.5,
  "x": 292.0625,
  "y": 0.0,
  "children": [
    {
      "x_size": 7.5,
      "y_size": 9.5,
      "x": 13.75,
      "y": 7.5,
      "children": [
        {
          "x_size": 1.0,
          "y_size": 9.0,
          "x": 3.75,
          "y": 17.0,
          "children": [
            {
              "x_size": 3.0,
              "y_size": 10.0,
              "x": 2.75,
              "y": 26.0,
              "children": [
                {
                  "x_size": 6.5,
                  "y_size": 3.5,
                  "x": 0.0,
                  "y": 36.0
                },
                {
                  "x_size": 2.0,
                  "y_size": 4.5,
                  "x": 6.5,
                  "y": 36.0
                }
              ]
            }
          ]
        },
        {
          "x_size": 5.0,
          "y_size": 10.0,
          "x": 11.0,
          "y": 17.0,
          "children": [
            {
              "x_size": 5.0,
              "y_size": 4.5,
              "x": 7.0,
              "y": 27.0
            },
            {
              "x_size": 3.0,
              "y_size": 4.5,
              "x": 12.0,
              "y": 27.0,
              "children": [
                {
                  "x_size": 10.0,
                  "y_size": 9.0,
                  "x": 8.5,
                  "y": 31.5
                }
              ]
            },
            {
              "x_size": 1.5,
              "y_size": 7.0,
              "x": 18.5,
              "y": 27.0
            }
          ]
        },
        {
          "x_size": 8.5,
          "y_size": 7.0,
          "x": 19.25,
          "y": 17.0,
          "children": [
            {
              "x_size": 7.0,
              "y_size": 6.0,
              "x": 20.0,
              "y": 24.0,
              "children": [
                {
                  "x_size": 1.5,
                  "y_size": 7.5,
                  "x": 22.75,
                  "y": 30.0,
                  "children": [
                    {
                      "x_size": 7.0,
                      "y_size": 6.0,
                      "x": 20.0,
                      "y": 37.5,
                      "children": [
                        {
                          "x_size": 9.0,
                          "y_size": 2.0,
                          "x": 19.0,
                          "y": 43.5
                        }
                      ]
                    }
                  ]
                }
              ]
            }
          ]
        },
        {
          "x_size": 3.5,
          "y_size": 4.5,
          "x": 27.75,
          "y": 17.0
        }
      ]
    },
    {
      "x_size": 7.0,
      "y_size": 8.5,
      "x": 45.40625,
      "y": 7.5,
      "children": [
        {
          "x_size": 9.0,
          "y_size": 10.0,
          "x": 31.25,
          "y": 16.0,
          "children": [
            {
              "x_size": 6.5,
              "y_size": 5.0,
              "x": 32.5,
              "y": 26.0,
              "children": [
                {
                  "x_size": 5.5,
                  "y_size": 9.0,
                  "x": 31.5,
                  "y": 31.0
                },
                {
                  "x_size": 3.0,
                  "y_size": 4.0,
                  "x": 37.0,
                  "y": 31.0
                }
              ]
            }
          ]
        },
        {
          "x_size": 8.0,
          "y_size": 3.0,
          "x": 41.5,
          "y": 16.0,
          "children": [
            {
              "x_size": 4.0,
              "y_size": 8.0,
              "x": 40.25,
              "y": 19.0
            },
            {
              "x_size": 6.5,
              "y_size": 6.0,
              "x": 44.25,
              "y": 19.0
            }
          ]
        },
        {
          "x_size": 10.0,
          "y_size": 6.0,
          "x": 56.5625,
          "y": 16.0,
          "children": [
            {
              "x_size": 1.5,
              "y_size": 7.0,
              "x": 50.75,
              "y": 22.0,
              "children": [
                {
                  "x_size": 5.5,
                  "y_size": 7.0,
                  "x": 48.75,
                  "y": 29.0,
                  "children": [
                    {
                      "x_size": 8.5,
                      "y_size": 8.5,
                      "x": 47.25,
                      "y": 36.0
                    }
                  ]
                }
              ]
            },
            {
              "x_size": 3.0,
              "y_size": 9.5,
              "x": 63.875,
              "y": 22.0,
              "children": [
                {
                  "x_size": 2.5,
                  "y_size": 2.5,
                  "x": 58.0,
                  "y": 31.5,
                  "children": [
                    {
                      "x_size": 10.0,
                      "y_size": 1.5,
                      "x": 54.25,
                      "y": 34.0
                    }
                  ]
                },
                {
                  "x_size": 8.5,
                  "y_size": 6.5,
                  "x": 64.25,
                  "y": 31.5
                }
              ]
            },
            {
              "x_size": 5.5,
              "y_size": 1.5,
              "x": 66.875,
              "y": 22.0
            }
          ]
        }
      ]
    },
    {
      "x_size": 7.0,
      "y_size": 7.5,
      "x": 91.75,
      "y": 7.5,
      "children": [
        {
          "x_size": 9.0,
          "y_size": 4.0,
          "x": 74.125,
          "y": 15.0,
          "children": [
            {
              "x_size": 6.0,
              "y_size": 9.5,
              "x": 72.375,
              "y": 19.0
            },
            {
              "x_size": 6.5,
              "y_size": 9.0,
              "x": 78.375,
              "y": 19.0
            }
          ]
        },
        {
          "x_size": 1.5,
          "y_size": 10.0,
          "x": 86.375,
          "y": 15.0,
          "children": [
            {
              "x_size": 4.5,
              "y_size": 7.5,
              "x": 84.875,
              "y": 25.0,
              "children": [
                {
                  "x_size": 2.0,
                  "y_size": 4.5,
                  "x": 86.125,
                  "y": 32.5,
                  "children": [
                    {
                      "x_size": 5.5,
                      "y_size": 7.0,
                      "x": 84.375,
                      "y": 37.0
                    }
                  ]
                }
              ]
            }
          ]
        },
        {
          "x_size": 5.5,
          "y_size": 4.5,
          "x": 93.875,
          "y": 15.0,
          "children": [
            {
              "x_size": 8.0,
              "y_size": 9.0,
              "x": 89.375,
              "y": 19.5,
              "children": [
                {
                  "x_size": 2.5,
                  "y_size": 6.0,
                  "x": 92.125,
                  "y": 28.5
                }
              ]
            },
            {
              "x_size": 6.5,
              "y_size": 7.0,
              "x": 97.375,
              "y": 19.5
            }
          ]
        },
        {
          "x_size": 2.5,
          "y_size": 3.5,
          "x": 100.625,
          "y": 15.0
        },
        {
          "x_size": 4.0,
          "y_size": 4.0,
          "x": 104.375,
          "y": 15.0,
          "children": [
            {
              "x_size": 5.0,
              "y_size": 2.5,
              "x": 103.875,
              "y": 19.0,
              "children": [
                {
                  "x_size": 3.0,
                  "y_size": 8.5,
                  "x": 104.875,
                  "y": 21.5,
                  "children": [
                    {
                      "x_size": 6.0,
                      "y_size": 8.5,
                      "x": 103.375,
                      "y": 30.0
                    }
                  ]
                }
              ]
            }
          ]
        },
        {
          "x_size": 7.5,
          "y_size": 6.0,
          "x": 108.875,
          "y": 15.0,
          "children": [
            {
              "x_size": 5.0,
              "y_size": 6.5,
              "x": 110.125,
              "y": 21.0
            }
          ]
        }
      ]
    },
    {
      "x_size": 3.0,
      "y_size": 4.0,
      "x": 129.75,
      "y": 7.5,
      "children": [
        {
          "x_size": 8.0,
          "y_size": 8.0,
          "x": 117.625,
          "y": 11.5,
          "children": [
            {
              "x_size": 9.0,
              "y_size": 8.0,
              "x": 116.375,
              "y": 19.5,
              "children": [
                {
                  "x_size": 4.0,
                  "y_size": 5.0,
                  "x": 118.875,
                  "y": 27.5,
                  "children": [
                    {
                      "x_size": 3.0,
                      "y_size": 7.5,
                      "x": 119.375,
                      "y": 32.5
                    }
                  ]
                }
              ]
            },
            {
              "x_size": 1.5,
              "y_size": 8.0,
              "x": 125.375,
              "y": 19.5
            }
          ]
        },
        {
          "x_size": 8.0,
          "y_size": 8.0,
          "x": 128.125,
          "y": 11.5,
          "children": [
            {
              "x_size": 8.5,
              "y_size": 5.0,
              "x": 126.875,
              "y": 19.5,
              "children": [
                {
                  "x_size": 1.0,
                  "y_size": 9.5,
                  "x": 130.625,
                  "y": 24.5
                }
              ]
            },
            {
              "x_size": 2.0,
              "y_size": 9.0,
              "x": 135.375,
              "y": 19.5
            }
          ]
        },
        {
          "x_size": 3.0,
          "y_size": 8.5,
          "x": 137.375,
          "y": 11.5
        },
        {
          "x_size": 4.5,
          "y_size": 5.5,
          "x": 140.375,
          "y": 11.5
        }
      ]
    },
    {
      "x_size": 9.5,
      "y_size": 6.5,
      "x": 164.0,
      "y": 7.5,
      "children": [
        {
          "x_size": 8.5,
          "y_size": 4.5,
          "x": 144.875,
          "y": 14.0,
          "children": [
            {
              "x_size": 8.0,
              "y_size": 5.0,
              "x": 145.125,
              "y": 18.5
            }
          ]
        },
        {
          "x_size": 2.5,
          "y_size": 8.0,
          "x": 154.625,
          "y": 14.0,
          "children": [
            {
              "x_size": 5.5,
              "y_size": 9.0,
              "x": 153.125,
              "y": 22.0
            }
          ]
        },
        {
          "x_size": 2.5,
          "y_size": 1.0,
          "x": 157.625,
          "y": 14.0,
          "children": [
            {
              "x_size": 3.5,
              "y_size": 3.5,
              "x": 157.125,
              "y": 15.0
            }
          ]
        },
        {
          "x_size": 7.0,
          "y_size": 7.5,
          "x": 160.625,
          "y": 14.0,
          "children": [
            {
              "x_size": 1.0,
              "y_size": 2.5,
              "x": 163.625,
              "y": 21.5
            }
          ]
        },
        {
          "x_size": 3.0,
          "y_size": 8.5,
          "x": 167.625,
          "y": 14.0
        },
        {
          "x_size": 7.0,
          "y_size": 2.5,
          "x": 170.625,
          "y": 14.0
        },
        {
          "x_size": 3.0,
          "y_size": 3.5,
          "x": 177.625,
          "y": 14.0
        },
        {
          "x_size": 9.0,
          "y_size": 6.0,
          "x": 180.625,
          "y": 14.0
        },
        {
          "x_size": 3.0,
          "y_size": 1.5,
          "x": 189.625,
          "y": 14.0
        }
      ]
    },
    {
      "x_size": 2.0,
      "y_size": 6.0,
      "x": 199.0,
      "y": 7.5,
      "children": [
        {
          "x_size": 5.5,
          "y_size": 4.5,
          "x": 192.625,
          "y": 13.5,
          "children": [
            {
              "x_size": 9.0,
              "y_size": 2.5,
              "x": 189.875,
              "y": 18.0
            },
            {
              "x_size": 2.0,
              "y_size": 4.0,
              "x": 198.875,
              "y": 18.0
            }
          ]
        },
        {
          "x_size": 5.0,
          "y_size": 8.0,
          "x": 202.375,
          "y": 13.5,
          "children": [
            {
              "x_size": 8.0,
              "y_size": 2.5,
              "x": 200.875,
              "y": 21.5,
              "children": [
                {
                  "x_size": 2.5,
                  "y_size": 7.0,
                  "x": 203.625,
                  "y": 24.0
                }
              ]
            }
          ]
        }
      ]
    },
    {
      "x_size": 2.0,
      "y_size": 8.5,
      "x": 228.625,
      "y": 7.5,
      "children": [
        {
          "x_size": 7.0,
          "y_size": 8.0,
          "x": 209.625,
          "y": 16.0,
          "children": [
            {
              "x_size": 4.0,
              "y_size": 5.5,
              "x": 207.125,
              "y": 24.0,
              "children": [
                {
                  "x_size": 6.0,
                  "y_size": 8.0,
                  "x": 206.125,
                  "y": 29.5
                }
              ]
            },
            {
              "x_size": 8.0,
              "y_size": 5.0,
              "x": 211.125,
              "y": 24.0
            }
          ]
        },
        {
          "x_size": 6.5,
          "y_size": 7.5,
          "x": 224.875,
          "y": 16.0,
          "children": [
            {
              "x_size": 8.0,
              "y_size": 6.0,
              "x": 219.125,
              "y": 23.5
            },
            {
              "x_size": 10.0,
              "y_size": 1.0,
              "x": 227.125,
              "y": 23.5
            }
          ]
        },
        {
          "x_size": 6.5,
          "y_size": 3.0,
          "x": 243.125,
          "y": 16.0,
          "children": [
            {
              "x_size": 7.5,
              "y_size": 3.5,
              "x": 238.125,
              "y": 19.0,
              "children": [
                {
                  "x_size": 9.5,
                  "y_size": 9.5,
                  "x": 237.125,
                  "y": 22.5
                }
              ]
            },
            {
              "x_size": 8.0,
              "y_size": 9.5,
              "x": 246.625,
              "y": 19.0
            }
          ]
        }
      ]
    },
    {
      "x_size": 9.5,
      "y_size": 6.0,
      "x": 274.0,
      "y": 7.5,
      "children": [
        {
          "x_size": 5.0,
          "y_size": 1.5,
          "x": 259.625,
          "y": 13.5,
          "children": [
            {
              "x_size": 2.0,
              "y_size": 2.5,
              "x": 252.625,
              "y": 15.0
            },
            {
              "x_size": 10.0,
              "y_size": 7.5,
              "x": 254.625,
              "y": 15.0,
              "children": [
                {
                  "x_size": 4.0,
                  "y_size": 2.0,
                  "x": 257.625,
                  "y": 22.5
                }
              ]
            },
            {
              "x_size": 3.5,
              "y_size": 9.0,
              "x": 264.625,
              "y": 15.0
            },
            {
              "x_size": 3.5,
              "y_size": 4.5,
              "x": 268.125,
              "y": 15.0
            }
          ]
        },
        {
          "x_size": 5.5,
          "y_size": 2.0,
          "x": 272.125,
          "y": 13.5,
          "children": [
            {
              "x_size": 6.5,
              "y_size": 5.5,
              "x": 271.625,
              "y": 15.5
            }
          ]
        },
        {
          "x_size": 6.0,
          "y_size": 2.0,
          "x": 277.625,
          "y": 13.5
        },
        {
          "x_size": 4.5,
          "y_size": 4.0,
          "x": 283.625,
          "y": 13.5,
          "children": [
            {
              "x_size": 7.0,
              "y_size": 3.0,
              "x": 282.375,
              "y": 17.5
            }
          ]
        },
        {
          "x_size": 1.0,
          "y_size": 5.0,
          "x": 289.375,
          "y": 13.5
        },
        {
          "x_size": 7.5,
          "y_size": 7.5,
          "x": 290.375,
          "y": 13.5
        }
      ]
    },
    {
      "x_size": 3.5,
      "y_size": 9.0,
      "x": 314.5,
      "y": 7.5,
      "children": [
        {
          "x_size": 5.5,
          "y_size": 6.0,
          "x": 297.875,
          "y": 16.5
        },
        {
          "x_size": 5.5,
          "y_size": 1.5,
          "x": 308.5,
          "y": 16.5,
          "children": [
            {
              "x_size": 6.5,
              "y_size": 5.5,
              "x": 303.375,
              "y": 18.0,
              "children": [
                {
                  "x_size": 3.0,
                  "y_size": 1.5,
                  "x": 302.625,
                  "y": 23.5,
                  "children": [
                    {
                      "x_size": 4.5,
                      "y_size": 8.0,
                      "x": 301.875,
                      "y": 25.0
                    }
                  ]
                },
                {
                  "x_size": 1.5,
                  "y_size": 4.5,
                  "x": 309.125,
                  "y": 23.5,
                  "children": [
                    {
                      "x_size": 7.0,
                      "y_size": 6.0,
                      "x": 306.375,
                      "y": 28.0
                    }
                  ]
                }
              ]
            },
            {
              "x_size": 7.0,
              "y_size": 5.0,
              "x": 312.125,
              "y": 18.0,
              "children": [
                {
                  "x_size": 4.5,
                  "y_size": 7.5,
                  "x": 313.375,
                  "y": 23.0
                }
              ]
            }
          ]
        },
        {
          "x_size": 9.5,
          "y_size": 6.5,
          "x": 319.125,
          "y": 16.5,
          "children": [
            {
              "x_size": 5.5,
              "y_size": 9.5,
              "x": 321.125,
              "y": 23.0
            }
          ]
        },
        {
          "x_size": 6.0,
          "y_size": 5.5,
          "x": 328.625,
          "y": 16.5
        }
      ]
    },
    {
      "x_size": 10.0,
      "y_size": 5.5,
      "x": 353.375,
      "y": 7.5,
      "children": [
        {
          "x_size": 4.0,
          "y_size": 3.0,
          "x": 341.875,
          "y": 13.0,
          "children": [
            {
              "x_size": 9.5,
              "y_size": 2.0,
              "x": 334.625,
              "y": 16.0
            },
            {
              "x_size": 9.0,
              "y_size": 5.5,
              "x": 344.125,
              "y": 16.0
            }
          ]
        },
        {
          "x_size": 7.0,
          "y_size": 5.0,
          "x": 355.625,
          "y": 13.0,
          "children": [
            {
              "x_size": 8.0,
              "y_size": 10.0,
              "x": 353.125,
              "y": 18.0,
              "children": [
                {
                  "x_size": 6.0,
                  "y_size": 8.5,
                  "x": 354.125,
                  "y": 28.0
                }
              ]
            },
            {
              "x_size": 1.5,
              "y_size": 8.5,
              "x": 361.125,
              "y": 18.0
            },
            {
              "x_size": 2.5,
              "y_size": 7.5,
              "x": 362.625,
              "y": 18.0
            }
          ]
        },
        {
          "x_size": 6.0,
          "y_size": 5.5,
          "x": 368.875,
          "y": 13.0,
          "children": [
            {
              "x_size": 6.5,
              "y_size": 1.5,
              "x": 365.125,
              "y": 18.5
            },
            {
              "x_size": 7.0,
              "y_size": 7.0,
              "x": 371.625,
              "y": 18.5
            }
          ]
        }
      ]
    },
    {
      "x_size": 3.5,
      "y_size": 6.5,
      "x": 418.625,
      "y": 7.5,
      "children": [
        {
          "x_size": 3.5,
          "y_size": 2.5,
          "x": 390.375,
          "y": 14.0,
          "children": [
            {
              "x_size": 10.0,
              "y_size": 8.0,
              "x": 378.625,
              "y": 16.5
            },
            {
              "x_size": 8.0,
              "y_size": 7.5,
              "x": 389.125,
              "y": 16.5,
              "children": [
                {
                  "x_size": 9.0,
                  "y_size": 2.0,
                  "x": 388.625,
                  "y": 24.0
                }
              ]
            },
            {
              "x_size": 8.0,
              "y_size": 8.5,
              "x": 397.625,
              "y": 16.5,
              "children": [
                {
                  "x_size": 6.5,
                  "y_size": 1.5,
                  "x": 398.375,
                  "y": 25.0
                }
              ]
            }
          ]
        },
        {
          "x_size": 2.5,
          "y_size": 7.5,
          "x": 411.875,
          "y": 14.0,
          "children": [
            {
              "x_size": 9.5,
              "y_size": 4.5,
              "x": 405.625,
              "y": 21.5,
              "children": [
                {
                  "x_size": 8.0,
                  "y_size": 9.5,
                  "x": 406.375,
                  "y": 26.0
                }
              ]
            },
            {
              "x_size": 5.5,
              "y_size": 6.5,
              "x": 415.125,
              "y": 21.5
            }
          ]
        },
        {
          "x_size": 6.0,
          "y_size": 3.5,
          "x": 426.875,
          "y": 14.0,
          "children": [
            {
              "x_size": 9.0,
              "y_size": 5.0,
              "x": 420.625,
              "y": 17.5,
              "children": [
                {
                  "x_size": 2.0,
                  "y_size": 6.0,
                  "x": 424.125,
                  "y": 22.5
                }
              ]
            },
            {
              "x_size": 9.5,
              "y_size": 4.5,
              "x": 429.625,
              "y": 17.5,
              "children": [
                {
                  "x_size": 1.0,
                  "y_size": 8.0,
                  "x": 433.875,
                  "y": 22.0
                }
              ]
            }
          ]
        },
        {
          "x_size": 3.5,
          "y_size": 1.0,
          "x": 439.625,
          "y": 14.0,
          "children": [
            {
              "x_size": 4.5,
              "y_size": 9.5,
              "x": 439.125,
              "y": 15.0,
              "children": [
                {
                  "x_size": 2.5,
                  "y_size": 4.0,
                  "x": 440.125,
                  "y": 24.5
                }
              ]
            }
          ]
        },
        {
          "x_size": 6.5,
          "y_size": 7.5,
          "x": 443.875,
          "y": 14.0,
          "children": [
            {
              "x_size": 7.0,
              "y_size": 6.0,
              "x": 443.625,
              "y": 21.5
            }
          ]
        }
      ]
    },
    {
      "x_size": 8.5,
      "y_size": 8.5,
      "x": 458.75,
      "y": 7.5,
      "children": [
        {
          "x_size": 4.5,
          "y_size": 7.5,
          "x": 454.875,
          "y": 16.0,
          "children": [
            {
              "x_size": 8.5,
              "y_size": 5.5,
              "x": 450.625,
              "y": 23.5,
              "children": [
                {
                  "x_size": 4.5,
                  "y_size": 5.5,
                  "x": 452.625,
                  "y": 29.0
                }
              ]
            },
            {
              "x_size": 2.5,
              "y_size": 4.5,
              "x": 461.125,
              "y": 23.5,
              "children": [
                {
                  "x_size": 6.5,
                  "y_size": 10.0,
                  "x": 459.125,
                  "y": 28.0
                }
              ]
            }
          ]
        },
        {
          "x_size": 1.5,
          "y_size": 9.5,
          "x": 469.625,
          "y": 16.0,
          "children": [
            {
              "x_size": 9.5,
              "y_size": 3.0,
              "x": 465.625,
              "y": 25.5
            }
          ]
        }
      ]
    },
    {
      "x_size": 6.0,
      "y_size": 4.0,
      "x": 487.125,
      "y": 7.5,
      "children": [
        {
          "x_size": 8.5,
          "y_size": 9.0,
          "x": 472.375,
          "y": 11.5,
          "children": [
            {
              "x_size": 3.0,
              "y_size": 10.0,
              "x": 475.125,
              "y": 20.5
            }
          ]
        },
        {
          "x_size": 7.5,
          "y_size": 9.5,
          "x": 480.875,
          "y": 11.5,
          "children": [
            {
              "x_size": 9.0,
              "y_size": 4.0,
              "x": 480.125,
              "y": 21.0
            }
          ]
        },
        {
          "x_size": 1.0,
          "y_size": 2.5,
          "x": 490.875,
          "y": 11.5,
          "children": [
            {
              "x_size": 2.5,
              "y_size": 10.0,
              "x": 490.125,
              "y": 14.0,
              "children": [
                {
                  "x_size": 4.5,
                  "y_size": 4.5,
                  "x": 489.125,
                  "y": 24.0,
                  "children": [
                    {
                      "x_size": 4.5,
                      "y_size": 4.0,
                      "x": 489.125,
                      "y": 28.5
                    }
                  ]
                }
              ]
            }
          ]
        },
        {
          "x_size": 6.0,
          "y_size": 9.0,
          "x": 492.875,
          "y": 11.5,
          "children": [
            {
              "x_size": 4.5,
              "y_size": 4.5,
              "x": 493.625,
              "y": 20.5
            }
          ]
        },
        {
          "x_size": 9.0,
          "y_size": 5.0,
          "x": 498.875,
          "y": 11.5
        }
      ]
    },
    {
      "x_size": 3.5,
      "y_size": 2.5,
      "x": 511.0,
      "y": 7.5,
      "children": [
        {
          "x_size": 7.0,
          "y_size": 9.0,
          "x": 507.875,
          "y": 10.0,
          "children": [
            {
              "x_size": 8.0,
              "y_size": 9.5,
              "x": 507.375,
              "y": 19.0
            }
          ]
        },
        {
          "x_size": 2.0,
          "y_size": 9.5,
          "x": 515.625,
          "y": 10.0,
          "children": [
            {
              "x_size": 2.5,
              "y_size": 1.5,
              "x": 515.375,
              "y": 19.5,
              "children": [
                {
                  "x_size": 2.5,
                  "y_size": 6.5,
                  "x": 515.375,
                  "y": 21.0
                }
              ]
            }
          ]
        }
      ]
    },
    {
      "x_size": 8.5,
      "y_size": 2.0,
      "x": 525.125,
      "y": 7.5,
      "children": [
        {
          "x_size": 9.0,
          "y_size": 6.5,
          "x": 517.625,
          "y": 9.5
        },
        {
          "x_size": 6.5,
          "y_size": 5.0,
          "x": 526.625,
          "y": 9.5
        },
        {
          "x_size": 7.0,
          "y_size": 4.0,
          "x": 534.125,
          "y": 9.5,
          "children": [
            {
              "x_size": 9.0,
              "y_size": 5.0,
              "x": 533.125,
              "y": 13.5
            }
          ]
        }
      ]
    },
    {
      "x_size": 5.0,
      "y_size": 4.5,
      "x": 553.125,
      "y": 7.5,
      "children": [
        {
          "x_size": 3.5,
          "y_size": 4.0,
          "x": 548.625,
          "y": 12.0,
          "children": [
            {
              "x_size": 7.0,
              "y_size": 3.5,
              "x": 542.125,
              "y": 16.0,
              "children": [
                {
                  "x_size": 10.0,
                  "y_size": 7.5,
                  "x": 540.625,
                  "y": 19.5
                }
              ]
            },
            {
              "x_size": 9.5,
              "y_size": 1.5,
              "x": 549.125,
              "y": 16.0
            }
          ]
        },
        {
          "x_size": 4.0,
          "y_size": 9.0,
          "x": 558.625,
          "y": 12.0
        }
      ]
    },
    {
      "x_size": 6.0,
      "y_size": 4.0,
      "x": 562.875,
      "y": 7.5,
      "children": [
        {
          "x_size": 6.5,
          "y_size": 9.0,
          "x": 562.625,
          "y": 11.5
        }
      ]
    },
    {
      "x_size": 5.0,
      "y_size": 3.0,
      "x": 568.875,
      "y": 7.5
    },
    {
      "x_size": 4.0,
      "y_size": 6.0,
      "x": 573.875,
      "y": 7.5,
      "children": [
        {
          "x_size": 4.0,
          "y_size": 2.0,
          "x": 573.875,
          "y": 13.5
        }
      ]
    }
  ]
}
