{
  "x_size" : 7.5,
  "y_size" : 8.5,
  "children" : [ {
    "x_size" : 9.0,
    "y_size" : 1.5,
    "children" : [ {
      "x_size" : 4.0,
      "y_size" : 8.0,
      "children" : [ {
        "x_size" : 8.5,
        "y_size" : 5.5,
        "children" : [ {
          "x_size" : 1.5,
          "y_size" : 7.0,
          "children" : [ ],
          "x" : 3.5,
          "y" : 23.5
        } ],
        "x" : 0.0,
        "y" : 18.0
      } ],
      "x" : 2.25,
      "y" : 10.0
    }, {
      "x_size" : 3.0,
      "y_size" : 8.5,
      "children" : [ {
        "x_size" : 9.0,
        "y_size" : 4.0,
        "children" : [ {
          "x_size" : 6.0,
          "y_size" : 9.0,
          "children" : [ {
            "x_size" : 6.0,
            "y_size" : 5.5,
            "children" : [ ],
            "x" : 10.0,
            "y" : 31.5
          } ],
          "x" : 10.0,
          "y" : 22.5
        } ],
        "x" : 8.5,
        "y" : 18.5
      }, {
        "x_size" : 8.5,
        "y_size" : 9.5,
        "children" : [ ],
        "x" : 17.5,
        "y" : 18.5
      } ],
      "x" : 15.75,
      "y" : 10.0
    }, {
      "x_size" : 6.5,
      "y_size" : 5.0,
      "children" : [ {
        "x_size" : 1.5,
        "y_size" : 9.0,
        "children" : [ ],
        "x" : 26.0,
        "y" : 15.0
      }, {
        "x_size" : 4.0,
        "y_size" : 3.0,
        "children" : [ ],
        "x" : 27.5,
        "y" : 15.0
      } ],
      "x" : 25.5,
      "y" : 10.0
    }, {
      "x_size" : 9.0,
      "y_size" : 6.0,
      "children" : [ ],
      "x" : 32.0,
      "y" : 10.0
    } ],
    "x" : 17.125,
    "y" : 8.5
  }, {
    "x_size" : 1.0,
    "y_size" : 4.0,
    "children" : [ {
      "x_size" : 7.0,
      "y_size" : 5.5,
      "children" : [ {
        "x_size" : 5.5,
        "y_size" : 4.5,
        "children" : [ ],
        "x" : 41.75,
        "y" : 18.0
      } ],
      "x" : 41.0,
      "y" : 12.5
    }, {
      "x_size" : 8.5,
      "y_size" : 8.5,
      "children" : [ {
        "x_size" : 2.0,
        "y_size" : 4.5,
        "children" : [ {
          "x_size" : 1.5,
          "y_size" : 5.0,
          "children" : [ ],
          "x" : 50.5,
          "y" : 25.5
        } ],
        "x" : 50.25,
        "y" : 21.0
      }, {
        "x_size" : 2.0,
        "y_size" : 5.0,
        "children" : [ ],
        "x" : 52.25,
        "y" : 21.0
      } ],
      "x" : 48.0,
      "y" : 12.5
    }, {
      "x_size" : 5.0,
      "y_size" : 7.0,
      "children" : [ {
        "x_size" : 8.5,
        "y_size" : 1.5,
        "children" : [ ],
        "x" : 56.5,
        "y" : 19.5
      }, {
        "x_size" : 3.5,
        "y_size" : 6.0,
        "children" : [ ],
        "x" : 65.0,
        "y" : 19.5
      } ],
      "x" : 60.0,
      "y" : 12.5
    }, {
      "x_size" : 2.0,
      "y_size" : 4.5,
      "children" : [ ],
      "x" : 65.0,
      "y" : 12.5
    } ],
    "x" : 53.5,
    "y" : 8.5
  }, {
    "x_size" : 3.0,
    "y_size" : 6.0,
    "children" : [ {
      "x_size" : 6.5,
      "y_size" : 7.0,
      "children" : [ ],
      "x" : 68.5,
      "y" : 14.5
    }, {
      "x_size" : 3.0,
      "y_size" : 5.0,
      "children" : [ {
        "x_size" : 9.5,
        "y_size" : 2.0,
        "children" : [ ],
        "x" : 75.0,
        "y" : 19.5
      }, {
        "x_size" : 9.5,
        "y_size" : 2.5,
        "children" : [ ],
        "x" : 84.5,
        "y" : 19.5
      } ],
      "x" : 83.0,
      "y" : 14.5
    }, {
      "x_size" : 3.0,
      "y_size" : 9.5,
      "children" : [ {
        "x_size" : 7.0,
        "y_size" : 8.5,
        "children" : [ ],
        "x" : 92.0,
        "y" : 24.0
      } ],
      "x" : 94.0,
      "y" : 14.5
    }, {
      "x_size" : 2.0,
      "y_size" : 4.5,
      "children" : [ {
        "x_size" : 2.0,
        "y_size" : 8.0,
        "children" : [ {
          "x_size" : 9.5,
          "y_size" : 6.5,
          "children" : [ ],
          "x" : 99.0,
          "y" : 27.0
        } ],
        "x" : 102.75,
        "y" : 19.0
      } ],
      "x" : 102.75,
      "y" : 14.5
    }, {
      "x_size" : 9.5,
      "y_size" : 2.5,
      "children" : [ {
        "x_size" : 8.5,
        "y_size" : 7.0,
        "children" : [ ],
        "x" : 105.25,
        "y" : 17.0
      } ],
      "x" : 104.75,
      "y" : 14.5
    }, {
      "x_size" : 1.5,
      "y_size" : 7.0,
      "children" : [ {
        "x_size" : 7.5,
        "y_size" : 9.0,
        "children" : [ ],
        "x" : 113.75,
        "y" : 21.5
      } ],
      "x" : 116.75,
      "y" : 14.5
    } ],
    "x" : 91.875,
    "y" : 8.5
  }, {
    "x_size" : 4.0,
    "y_size" : 1.5,
    "children" : [ {
      "x_size" : 6.0,
      "y_size" : 9.5,
      "children" : [ {
        "x_size" : 9.0,
        "y_size" : 7.5,
        "children" : [ ],
        "x" : 121.25,
        "y" : 19.5
      }, {
        "x_size" : 2.5,
        "y_size" : 5.5,
        "children" : [ ],
        "x" : 130.25,
        "y" : 19.5
      } ],
      "x" : 124.0,
      "y" : 10.0
    }, {
      "x_size" : 8.5,
      "y_size" : 2.0,
      "children" : [ {
        "x_size" : 8.5,
        "y_size" : 1.5,
        "children" : [ {
          "x_size" : 7.0,
          "y_size" : 5.5,
          "children" : [ {
            "x_size" : 4.5,
            "y_size" : 6.0,
            "children" : [ ],
            "x" : 132.75,
            "y" : 19.0
          } ],
          "x" : 131.5,
          "y" : 13.5
        } ],
        "x" : 130.75,
        "y" : 12.0
      }, {
        "x_size" : 7.5,
        "y_size" : 8.0,
        "children" : [ {
          "x_size" : 3.0,
          "y_size" : 7.0,
          "children" : [ ],
          "x" : 141.5,
          "y" : 20.0
        } ],
        "x" : 139.25,
        "y" : 12.0
      }, {
        "x_size" : 3.0,
        "y_size" : 9.5,
        "children" : [ ],
        "x" : 146.75,
        "y" : 12.0
      }, {
        "x_size" : 4.0,
        "y_size" : 7.0,
        "children" : [ ],
        "x" : 149.75,
        "y" : 12.0
      } ],
      "x" : 138.0,
      "y" : 10.0
    }, {
      "x_size" : 5.5,
      "y_size" : 9.5,
      "children" : [ {
        "x_size" : 5.0,
        "y_size" : 8.5,
        "children" : [ {
          "x_size" : 4.0,
          "y_size" : 8.0,
          "children" : [ ],
          "x" : 154.5,
          "y" : 28.0
        } ],
        "x" : 154.0,
        "y" : 19.5
      } ],
      "x" : 153.75,
      "y" : 10.0
    } ],
    "x" : 139.625,
    "y" : 8.5
  }, {
    "x_size" : 2.5,
    "y_size" : 9.5,
    "children" : [ {
      "x_size" : 8.0,
      "y_size" : 1.5,
      "children" : [ {
        "x_size" : 9.0,
        "y_size" : 6.5,
        "children" : [ ],
        "x" : 159.0,
        "y" : 19.5
      } ],
      "x" : 159.5,
      "y" : 18.0
    }, {
      "x_size" : 3.5,
      "y_size" : 5.5,
      "children" : [ {
        "x_size" : 7.0,
        "y_size" : 1.5,
        "children" : [ {
          "x_size" : 3.5,
          "y_size" : 9.0,
          "children" : [ ],
          "x" : 169.75,
          "y" : 25.0
        } ],
        "x" : 168.0,
        "y" : 23.5
      } ],
      "x" : 169.75,
      "y" : 18.0
    }, {
      "x_size" : 2.5,
      "y_size" : 1.0,
      "children" : [ {
        "x_size" : 4.5,
        "y_size" : 4.0,
        "children" : [ ],
        "x" : 173.25,
        "y" : 19.0
      } ],
      "x" : 174.25,
      "y" : 18.0
    }, {
      "x_size" : 6.5,
      "y_size" : 8.0,
      "children" : [ {
        "x_size" : 8.0,
        "y_size" : 3.5,
        "children" : [ {
          "x_size" : 5.0,
          "y_size" : 5.0,
          "children" : [ ],
          "x" : 177.0,
          "y" : 29.5
        } ],
        "x" : 175.5,
        "y" : 26.0
      }, {
        "x_size" : 3.0,
        "y_size" : 9.5,
        "children" : [ ],
        "x" : 183.5,
        "y" : 26.0
      } ],
      "x" : 177.75,
      "y" : 18.0
    }, {
      "x_size" : 4.5,
      "y_size" : 2.5,
      "children" : [ {
        "x_size" : 1.0,
        "y_size" : 1.5,
        "children" : [ ],
        "x" : 186.25,
        "y" : 20.5
      } ],
      "x" : 184.5,
      "y" : 18.0
    }, {
      "x_size" : 5.0,
      "y_size" : 7.5,
      "children" : [ {
        "x_size" : 1.5,
        "y_size" : 4.0,
        "children" : [ ],
        "x" : 186.5,
        "y" : 25.5
      }, {
        "x_size" : 9.0,
        "y_size" : 3.5,
        "children" : [ ],
        "x" : 188.0,
        "y" : 25.5
      } ],
      "x" : 189.25,
      "y" : 18.0
    } ],
    "x" : 175.625,
    "y" : 8.5
  }, {
    "x_size" : 4.5,
    "y_size" : 3.0,
    "children" : [ {
      "x_size" : 9.0,
      "y_size" : 3.5,
      "children" : [ {
        "x_size" : 4.0,
        "y_size" : 3.0,
        "children" : [ ],
        "x" : 190.25,
        "y" : 15.0
      }, {
        "x_size" : 9.5,
        "y_size" : 4.5,
        "children" : [ ],
        "x" : 194.25,
        "y" : 15.0
      } ],
      "x" : 192.5,
      "y" : 11.5
    }, {
      "x_size" : 5.5,
      "y_size" : 8.5,
      "children" : [ ],
      "x" : 203.75,
      "y" : 11.5
    }, {
      "x_size" : 4.5,
      "y_size" : 9.0,
      "children" : [ {
        "x_size" : 10.0,
        "y_size" : 6.0,
        "children" : [ ],
        "x" : 204.0,
        "y" : 20.5
      }, {
        "x_size" : 5.0,
        "y_size" : 4.5,
        "children" : [ ],
        "x" : 214.0,
        "y" : 20.5
      } ],
      "x" : 209.25,
      "y" : 11.5
    } ],
    "x" : 200.875,
    "y" : 8.5
  }, {
    "x_size" : 7.5,
    "y_size" : 3.0,
    "children" : [ {
      "x_size" : 5.5,
      "y_size" : 2.5,
      "children" : [ {
        "x_size" : 10.0,
        "y_size" : 9.5,
        "children" : [ ],
        "x" : 219.0,
        "y" : 14.0
      } ],
      "x" : 221.25,
      "y" : 11.5
    }, {
      "x_size" : 6.5,
      "y_size" : 8.5,
      "children" : [ {
        "x_size" : 6.0,
        "y_size" : 4.0,
        "children" : [ {
          "x_size" : 4.5,
          "y_size" : 5.0,
          "children" : [ ],
          "x" : 229.75,
          "y" : 24.0
        } ],
        "x" : 229.0,
        "y" : 20.0
      }, {
        "x_size" : 6.5,
        "y_size" : 7.5,
        "children" : [ {
          "x_size" : 5.0,
          "y_size" : 4.0,
          "children" : [ ],
          "x" : 235.75,
          "y" : 27.5
        } ],
        "x" : 235.0,
        "y" : 20.0
      } ],
      "x" : 232.0,
      "y" : 11.5
    }, {
      "x_size" : 5.5,
      "y_size" : 8.5,
      "children" : [ {
        "x_size" : 8.0,
        "y_size" : 2.0,
        "children" : [ ],
        "x" : 241.5,
        "y" : 20.0
      } ],
      "x" : 242.75,
      "y" : 11.5
    }, {
      "x_size" : 6.5,
      "y_size" : 10.0,
      "children" : [ {
        "x_size" : 5.5,
        "y_size" : 7.0,
        "children" : [ ],
        "x" : 250.0,
        "y" : 21.5
      } ],
      "x" : 249.5,
      "y" : 11.5
    }, {
      "x_size" : 9.0,
      "y_size" : 3.5,
      "children" : [ {
        "x_size" : 8.5,
        "y_size" : 2.0,
        "children" : [ ],
        "x" : 256.25,
        "y" : 15.0
      } ],
      "x" : 256.0,
      "y" : 11.5
    } ],
    "x" : 239.375,
    "y" : 8.5
  }, {
    "x_size" : 2.0,
    "y_size" : 2.0,
    "children" : [ {
      "x_size" : 8.0,
      "y_size" : 4.0,
      "children" : [ {
        "x_size" : 7.0,
        "y_size" : 4.0,
        "children" : [ {
          "x_size" : 9.5,
          "y_size" : 3.5,
          "children" : [ ],
          "x" : 263.75,
          "y" : 18.5
        } ],
        "x" : 265.0,
        "y" : 14.5
      }, {
        "x_size" : 3.0,
        "y_size" : 3.5,
        "children" : [ ],
        "x" : 272.0,
        "y" : 14.5
      }, {
        "x_size" : 7.5,
        "y_size" : 3.0,
        "children" : [ {
          "x_size" : 7.5,
          "y_size" : 8.5,
          "children" : [ ],
          "x" : 275.0,
          "y" : 17.5
        } ],
        "x" : 275.0,
        "y" : 14.5
      }, {
        "x_size" : 9.5,
        "y_size" : 6.5,
        "children" : [ ],
        "x" : 282.5,
        "y" : 14.5
      } ],
      "x" : 274.5,
      "y" : 10.5
    }, {
      "x_size" : 9.0,
      "y_size" : 3.5,
      "children" : [ ],
      "x" : 282.75,
      "y" : 10.5
    }, {
      "x_size" : 4.0,
      "y_size" : 6.5,
      "children" : [ {
        "x_size" : 2.0,
        "y_size" : 7.5,
        "children" : [ {
          "x_size" : 10.0,
          "y_size" : 6.5,
          "children" : [ ],
          "x" : 289.0,
          "y" : 24.5
        } ],
        "x" : 293.0,
        "y" : 17.0
      } ],
      "x" : 292.0,
      "y" : 10.5
    }, {
      "x_size" : 2.0,
      "y_size" : 6.5,
      "children" : [ ],
      "x" : 296.0,
      "y" : 10.5
    } ],
    "x" : 285.25,
    "y" : 8.5
  }, {
    "x_size" : 3.0,
    "y_size" : 9.5,
    "children" : [ {
      "x_size" : 10.0,
      "y_size" : 3.0,
      "children" : [ {
        "x_size" : 7.0,
        "y_size" : 3.0,
        "children" : [ {
          "x_size" : 7.0,
          "y_size" : 5.0,
          "children" : [ ],
          "x" : 299.0,
          "y" : 24.0
        } ],
        "x" : 299.0,
        "y" : 21.0
      }, {
        "x_size" : 7.0,
        "y_size" : 2.0,
        "children" : [ ],
        "x" : 306.0,
        "y" : 21.0
      }, {
        "x_size" : 7.5,
        "y_size" : 9.0,
        "children" : [ {
          "x_size" : 3.5,
          "y_size" : 5.5,
          "children" : [ ],
          "x" : 315.0,
          "y" : 30.0
        } ],
        "x" : 313.0,
        "y" : 21.0
      } ],
      "x" : 304.75,
      "y" : 18.0
    }, {
      "x_size" : 4.5,
      "y_size" : 3.0,
      "children" : [ {
        "x_size" : 2.5,
        "y_size" : 1.5,
        "children" : [ ],
        "x" : 320.5,
        "y" : 21.0
      } ],
      "x" : 319.5,
      "y" : 18.0
    } ],
    "x" : 312.875,
    "y" : 8.5
  }, {
    "x_size" : 2.0,
    "y_size" : 6.5,
    "children" : [ {
      "x_size" : 5.0,
      "y_size" : 4.5,
      "children" : [ {
        "x_size" : 2.0,
        "y_size" : 7.0,
        "children" : [ ],
        "x" : 324.0,
        "y" : 19.5
      }, {
        "x_size" : 8.0,
        "y_size" : 9.0,
        "children" : [ ],
        "x" : 326.0,
        "y" : 19.5
      } ],
      "x" : 326.5,
      "y" : 15.0
    }, {
      "x_size" : 8.0,
      "y_size" : 10.0,
      "children" : [ {
        "x_size" : 7.0,
        "y_size" : 2.0,
        "children" : [ ],
        "x" : 334.5,
        "y" : 25.0
      } ],
      "x" : 334.0,
      "y" : 15.0
    }, {
      "x_size" : 6.0,
      "y_size" : 4.0,
      "children" : [ ],
      "x" : 342.0,
      "y" : 15.0
    }, {
      "x_size" : 4.0,
      "y_size" : 1.0,
      "children" : [ {
        "x_size" : 3.5,
        "y_size" : 3.0,
        "children" : [ {
          "x_size" : 4.0,
          "y_size" : 9.0,
          "children" : [ ],
          "x" : 347.75,
          "y" : 19.0
        } ],
        "x" : 348.0,
        "y" : 16.0
      }, {
        "x_size" : 2.5,
        "y_size" : 9.5,
        "children" : [ ],
        "x" : 351.75,
        "y" : 16.0
      } ],
      "x" : 349.125,
      "y" : 15.0
    }, {
      "x_size" : 5.5,
      "y_size" : 7.0,
      "children" : [ ],
      "x" : 354.25,
      "y" : 15.0
    } ],
    "x" : 342.125,
    "y" : 8.5
  }, {
    "x_size" : 5.5,
    "y_size" : 8.0,
    "children" : [ {
      "x_size" : 4.5,
      "y_size" : 6.0,
      "children" : [ {
        "x_size" : 6.0,
        "y_size" : 7.5,
        "children" : [ {
          "x_size" : 3.0,
          "y_size" : 2.5,
          "children" : [ {
            "x_size" : 6.5,
            "y_size" : 4.5,
            "children" : [ ],
            "x" : 347.875,
            "y" : 32.5
          } ],
          "x" : 349.625,
          "y" : 30.0
        }, {
          "x_size" : 5.5,
          "y_size" : 7.0,
          "children" : [ ],
          "x" : 354.375,
          "y" : 30.0
        }, {
          "x_size" : 5.0,
          "y_size" : 10.0,
          "children" : [ ],
          "x" : 359.875,
          "y" : 30.0
        } ],
        "x" : 354.25,
        "y" : 22.5
      }, {
        "x_size" : 8.0,
        "y_size" : 8.0,
        "children" : [ ],
        "x" : 364.875,
        "y" : 22.5
      } ],
      "x" : 361.3125,
      "y" : 16.5
    }, {
      "x_size" : 3.5,
      "y_size" : 6.0,
      "children" : [ {
        "x_size" : 6.5,
        "y_size" : 5.5,
        "children" : [ {
          "x_size" : 9.0,
          "y_size" : 4.5,
          "children" : [ ],
          "x" : 372.875,
          "y" : 28.0
        } ],
        "x" : 374.125,
        "y" : 22.5
      } ],
      "x" : 375.625,
      "y" : 16.5
    }, {
      "x_size" : 8.0,
      "y_size" : 8.5,
      "children" : [ {
        "x_size" : 1.0,
        "y_size" : 5.5,
        "children" : [ ],
        "x" : 384.125,
        "y" : 25.0
      } ],
      "x" : 380.625,
      "y" : 16.5
    } ],
    "x" : 372.21875,
    "y" : 8.5
  }, {
    "x_size" : 3.0,
    "y_size" : 6.5,
    "children" : [ {
      "x_size" : 7.0,
      "y_size" : 9.0,
      "children" : [ {
        "x_size" : 6.5,
        "y_size" : 6.0,
        "children" : [ {
          "x_size" : 5.5,
          "y_size" : 4.0,
          "children" : [ {
            "x_size" : 7.0,
            "y_size" : 9.0,
            "children" : [ ],
            "x" : 388.625,
            "y" : 34.0
          } ],
          "x" : 389.375,
          "y" : 30.0
        } ],
        "x" : 388.875,
        "y" : 24.0
      } ],
      "x" : 388.625,
      "y" : 15.0
    }, {
      "x_size" : 3.0,
      "y_size" : 5.0,
      "children" : [ ],
      "x" : 395.625,
      "y" : 15.0
    }, {
      "x_size" : 5.0,
      "y_size" : 2.5,
      "children" : [ {
        "x_size" : 3.5,
        "y_size" : 8.5,
        "children" : [ ],
        "x" : 399.375,
        "y" : 17.5
      } ],
      "x" : 398.625,
      "y" : 15.0
    } ],
    "x" : 394.625,
    "y" : 8.5
  }, {
    "x_size" : 9.0,
    "y_size" : 4.5,
    "children" : [ {
      "x_size" : 6.5,
      "y_size" : 5.0,
      "children" : [ ],
      "x" : 403.625,
      "y" : 13.0
    }, {
      "x_size" : 5.5,
      "y_size" : 6.5,
      "children" : [ {
        "x_size" : 6.0,
        "y_size" : 4.5,
        "children" : [ ],
        "x" : 409.875,
        "y" : 19.5
      } ],
      "x" : 410.125,
      "y" : 13.0
    } ],
    "x" : 405.125,
    "y" : 8.5
  }, {
    "x_size" : 9.0,
    "y_size" : 7.5,
    "children" : [ {
      "x_size" : 6.0,
      "y_size" : 7.0,
      "children" : [ {
        "x_size" : 7.5,
        "y_size" : 7.5,
        "children" : [ ],
        "x" : 415.875,
        "y" : 23.0
      } ],
      "x" : 416.625,
      "y" : 16.0
    }, {
      "x_size" : 1.5,
      "y_size" : 3.5,
      "children" : [ {
        "x_size" : 1.5,
        "y_size" : 3.5,
        "children" : [ ],
        "x" : 422.625,
        "y" : 19.5
      }, {
        "x_size" : 6.0,
        "y_size" : 6.5,
        "children" : [ ],
        "x" : 424.125,
        "y" : 19.5
      } ],
      "x" : 425.625,
      "y" : 16.0
    }, {
      "x_size" : 9.0,
      "y_size" : 2.5,
      "children" : [ {
        "x_size" : 6.5,
        "y_size" : 9.0,
        "children" : [ ],
        "x" : 430.125,
        "y" : 18.5
      } ],
      "x" : 428.875,
      "y" : 16.0
    }, {
      "x_size" : 4.5,
      "y_size" : 2.5,
      "children" : [ {
        "x_size" : 5.5,
        "y_size" : 1.0,
        "children" : [ ],
        "x" : 437.375,
        "y" : 18.5
      } ],
      "x" : 437.875,
      "y" : 16.0
    } ],
    "x" : 425.0,
    "y" : 8.5
  }, {
    "x_size" : 8.0,
    "y_size" : 3.5,
    "children" : [ {
      "x_size" : 4.0,
      "y_size" : 8.0,
      "children" : [ {
        "x_size" : 1.5,
        "y_size" : 2.5,
        "children" : [ ],
        "x" : 440.125,
        "y" : 20.0
      }, {
        "x_size" : 8.0,
        "y_size" : 6.5,
        "children" : [ {
          "x_size" : 4.0,
          "y_size" : 5.5,
          "children" : [ ],
          "x" : 443.625,
          "y" : 26.5
        } ],
        "x" : 441.625,
        "y" : 20.0
      } ],
      "x" : 442.875,
      "y" : 12.0
    }, {
      "x_size" : 8.0,
      "y_size" : 1.0,
      "children" : [ {
        "x_size" : 7.5,
        "y_size" : 8.0,
        "children" : [ {
          "x_size" : 6.5,
          "y_size" : 1.5,
          "children" : [ ],
          "x" : 450.125,
          "y" : 21.0
        } ],
        "x" : 449.625,
        "y" : 13.0
      }, {
        "x_size" : 9.5,
        "y_size" : 8.5,
        "children" : [ ],
        "x" : 457.125,
        "y" : 13.0
      } ],
      "x" : 454.125,
      "y" : 12.0
    } ],
    "x" : 448.5,
    "y" : 8.5
  }, {
    "x_size" : 1.5,
    "y_size" : 5.5,
    "children" : [ {
      "x_size" : 4.5,
      "y_size" : 7.0,
      "children" : [ {
        "x_size" : 2.0,
        "y_size" : 6.0,
        "children" : [ ],
        "x" : 467.875,
        "y" : 21.0
      } ],
      "x" : 466.625,
      "y" : 14.0
    }, {
      "x_size" : 7.0,
      "y_size" : 7.5,
      "children" : [ {
        "x_size" : 8.0,
        "y_size" : 5.5,
        "children" : [ ],
        "x" : 470.625,
        "y" : 21.5
      } ],
      "x" : 471.125,
      "y" : 14.0
    }, {
      "x_size" : 9.0,
      "y_size" : 1.0,
      "children" : [ ],
      "x" : 478.125,
      "y" : 14.0
    }, {
      "x_size" : 4.0,
      "y_size" : 5.0,
      "children" : [ ],
      "x" : 487.125,
      "y" : 14.0
    } ],
    "x" : 478.125,
    "y" : 8.5
  }, {
    "x_size" : 9.5,
    "y_size" : 2.5,
    "children" : [ {
      "x_size" : 9.5,
      "y_size" : 9.5,
      "children" : [ {
        "x_size" : 3.0,
        "y_size" : 7.5,
        "children" : [ {
          "x_size" : 3.5,
          "y_size" : 2.0,
          "children" : [ ],
          "x" : 494.125,
          "y" : 28.0
        } ],
        "x" : 494.375,
        "y" : 20.5
      } ],
      "x" : 491.125,
      "y" : 11.0
    } ],
    "x" : 491.125,
    "y" : 8.5
  }, {
    "x_size" : 5.0,
    "y_size" : 4.5,
    "children" : [ {
      "x_size" : 8.5,
      "y_size" : 9.5,
      "children" : [ {
        "x_size" : 4.5,
        "y_size" : 7.5,
        "children" : [ ],
        "x" : 502.625,
        "y" : 22.5
      } ],
      "x" : 500.625,
      "y" : 13.0
    }, {
      "x_size" : 7.5,
      "y_size" : 6.5,
      "children" : [ ],
      "x" : 509.125,
      "y" : 13.0
    } ],
    "x" : 506.125,
    "y" : 8.5
  }, {
    "x_size" : 7.0,
    "y_size" : 1.5,
    "children" : [ {
      "x_size" : 9.0,
      "y_size" : 8.5,
      "children" : [ {
        "x_size" : 1.5,
        "y_size" : 6.0,
        "children" : [ ],
        "x" : 520.375,
        "y" : 18.5
      } ],
      "x" : 516.625,
      "y" : 10.0
    } ],
    "x" : 517.625,
    "y" : 8.5
  }, {
    "x_size" : 3.5,
    "y_size" : 6.5,
    "children" : [ {
      "x_size" : 4.5,
      "y_size" : 9.0,
      "children" : [ ],
      "x" : 525.625,
      "y" : 15.0
    } ],
    "x" : 526.125,
    "y" : 8.5
  }, {
    "x_size" : 3.0,
    "y_size" : 4.0,
    "children" : [ {
      "x_size" : 8.5,
      "y_size" : 3.0,
      "children" : [ ],
      "x" : 530.125,
      "y" : 12.5
    }, {
      "x_size" : 6.0,
      "y_size" : 5.5,
      "children" : [ ],
      "x" : 538.625,
      "y" : 12.5
    } ],
    "x" : 535.875,
    "y" : 8.5
  }, {
    "x_size" : 2.5,
    "y_size" : 9.0,
    "children" : [ {
      "x_size" : 1.5,
      "y_size" : 2.0,
      "children" : [ ],
      "x" : 545.125,
      "y" : 17.5
    } ],
    "x" : 544.625,
    "y" : 8.5
  }, {
    "x_size" : 8.5,
    "y_size" : 7.5,
    "children" : [ ],
    "x" : 547.125,
    "y" : 8.5
  }, {
    "x_size" : 9.5,
    "y_size" : 4.0,
    "children" : [ {
      "x_size" : 2.0,
      "y_size" : 1.0,
      "children" : [ ],
      "x" : 559.375,
      "y" : 12.5
    } ],
    "x" : 555.625,
    "y" : 8.5
  }, {
    "x_size" : 2.0,
    "y_size" : 8.5,
    "children" : [ ],
    "x" : 565.125,
    "y" : 8.5
  } ],
  "x" : 288.375,
  "y" : 0.0
}
