{
  "x_size": 7.5,
  "y_size": 4.5,
  "x": 267.9375,
  "y": 0.0,
  "children": [
    {
      "x_size": 6.5,
      "y_size": 4.5,
      "x": 18.375,
      "y": 4.5,
      "children": [
        {
          "x_size": 2.0,
          "y_size": 7.5,
          "x": 3.25,
          "y": 9.0,
          "children": [
            {
              "x_size": 3.5,
              "y_size": 6.0,
              "x": 0.0,
              "y": 16.5
            },
            {
              "x_size": 5.0,
              "y_size": 9.5,
              "x": 3.5,
              "y": 16.5
            }
          ]
        },
        {
          "x_size": 6.5,
          "y_size": 6.0,
          "x": 13.25,
          "y": 9.0,
          "children": [
            {
              "x_size": 9.5,
              "y_size": 5.0,
              "x": 11.75,
              "y": 15.0,
              "children": [
                {
                  "x_size": 7.0,
                  "y_size": 2.0,
                  "x": 8.5,
                  "y": 20.0
                },
                {
                  "x_size": 9.0,
                  "y_size": 2.5,
                  "x": 15.5,
                  "y": 20.0
                }
              ]
            }
          ]
        },
        {
          "x_size": 5.0,
          "y_size": 7.5,
          "x": 23.75,
          "y": 9.0,
          "children": [
            {
              "x_size": 3.5,
              "y_size": 8.0,
              "x": 24.5,
              "y": 16.5
            }
          ]
        },
        {
          "x_size": 9.5,
          "y_size": 7.5,
          "x": 30.5,
          "y": 9.0,
          "children": [
            {
              "x_size": 4.5,
              "y_size": 3.0,
              "x": 28.5,
              "y": 16.5,
              "children": [
                {
                  "x_size": 5.5,
                  "y_size": 2.0,
                  "x": 28.0,
                  "y": 19.5
                }
              ]
            },
            {
              "x_size": 4.5,
              "y_size": 4.0,
              "x": 33.5,
              "y": 16.5
            },
            {
              "x_size": 4.0,
              "y_size": 1.5,
              "x": 38.0,
              "y": 16.5
            }
          ]
        }
      ]
    },
    {
      "x_size": 8.5,
      "y_size": 1.5,
      "x": 64.8125,
      "y": 4.5,
      "children": [
        {
          "x_size": 6.5,
          "y_size": 3.5,
          "x": 54.625,
          "y": 6.0,
          "children": [
            {
              "x_size": 5.0,
              "y_size": 4.5,
              "x": 48.5,
              "y": 9.5,
              "children": [
                {
                  "x_size": 3.5,
                  "y_size": 7.5,
                  "x": 42.0,
                  "y": 14.0
                },
                {
                  "x_size": 8.5,
                  "y_size": 6.0,
                  "x": 45.5,
                  "y": 14.0
                },
                {
                  "x_size": 6.0,
                  "y_size": 7.5,
                  "x": 54.0,
                  "y": 14.0
                }
              ]
            },
            {
              "x_size": 5.0,
              "y_size": 5.5,
              "x": 62.25,
              "y": 9.5,
              "children": [
                {
                  "x_size": 9.5,
                  "y_size": 3.5,
                  "x": 60.0,
                  "y": 15.0,
                  "children": [
                    {
                      "x_size": 9.5,
                      "y_size": 9.0,
                      "x": 60.0,
                      "y": 18.5
                    }
                  ]
                }
              ]
            }
          ]
        },
        {
          "x_size": 4.0,
          "y_size": 3.5,
          "x": 73.625,
          "y": 6.0,
          "children": [
            {
              "x_size": 2.0,
              "y_size": 8.0,
              "x": 71.0,
              "y": 9.5,
              "children": [
                {
                  "x_size": 2.0,
                  "y_size": 1.5,
                  "x": 71.0,
                  "y": 17.5,
                  "children": [
                    {
                      "x_size": 5.0,
                      "y_size": 8.0,
                      "x": 69.5,
                      "y": 19.0
                    }
                  ]
                }
              ]
            },
            {
              "x_size": 6.5,
              "y_size": 3.5,
              "x": 73.75,
              "y": 9.5,
              "children": [
                {
                  "x_size": 8.0,
                  "y_size": 5.0,
                  "x": 73.0,
                  "y": 13.0
                }
              ]
            }
          ]
        },
        {
          "x_size": 1.0,
          "y_size": 9.5,
          "x": 82.5,
          "y": 6.0,
          "children": [
            {
              "x_size": 4.0,
              "y_size": 6.5,
              "x": 81.0,
              "y": 15.5,
              "children": [
                {
                  "x_size": 6.5,
                  "y_size": 6.0,
                  "x": 79.75,
                  "y": 22.0
                }
              ]
            }
          ]
        }
      ]
    },
    {
      "x_size": 4.5,
      "y_size": 4.0,
      "x": 99.0,
      "y": 4.5,
      "children": [
        {
          "x_size": 5.5,
          "y_size": 9.5,
          "x": 85.0,
          "y": 8.5,
          "children": [
            {
              "x_size": 1.0,
              "y_size": 9.5,
              "x": 87.25,
              "y": 18.0
            }
          ]
        },
        {
          "x_size": 5.5,
          "y_size": 8.0,
          "x": 96.5,
          "y": 8.5,
          "children": [
            {
              "x_size": 4.5,
              "y_size": 5.0,
              "x": 92.5,
              "y": 16.5,
              "children": [
                {
                  "x_size": 6.5,
                  "y_size": 9.0,
                  "x": 88.25,
                  "y": 21.5
                },
                {
                  "x_size": 6.5,
                  "y_size": 2.0,
                  "x": 94.75,
                  "y": 21.5
                }
              ]
            },
            {
              "x_size": 9.0,
              "y_size": 2.0,
              "x": 97.0,
              "y": 16.5
            }
          ]
        },
        {
          "x_size": 2.5,
          "y_size": 7.0,
          "x": 107.5,
          "y": 8.5,
          "children": [
            {
              "x_size": 5.5,
              "y_size": 5.5,
              "x": 106.0,
              "y": 15.5,
              "children": [
                {
                  "x_size": 4.0,
                  "y_size": 4.0,
                  "x": 104.75,
                  "y": 21.0
                },
                {
                  "x_size": 4.0,
                  "y_size": 4.5,
                  "x": 108.75,
                  "y": 21.0
                }
              ]
            }
          ]
        },
        {
          "x_size": 4.0,
          "y_size": 8.0,
          "x": 113.5,
          "y": 8.5,
          "children": [
            {
              "x_size": 8.0,
              "y_size": 1.0,
              "x": 111.5,
              "y": 16.5
            }
          ]
        }
      ]
    },
    {
      "x_size": 1.5,
      "y_size": 6.0,
      "x": 141.78125,
      "y": 4.5,
      "children": [
        {
          "x_size": 2.0,
          "y_size": 7.0,
          "x": 125.5625,
          "y": 10.5,
          "children": [
            {
              "x_size": 6.0,
              "y_size": 1.5,
              "x": 115.625,
              "y": 17.5,
              "children": [
                {
                  "x_size": 7.0,
                  "y_size": 9.0,
                  "x": 112.75,
                  "y": 19.0,
                  "children": [
                    {
                      "x_size": 3.5,
                      "y_size": 7.5,
                      "x": 110.5,
                      "y": 28.0,
                      "children": [
                        {
                          "x_size": 8.0,
                          "y_size": 7.5,
                          "x": 108.25,
                          "y": 35.5
                        }
                      ]
                    },
                    {
                      "x_size": 8.0,
                      "y_size": 4.5,
                      "x": 114.0,
                      "y": 28.0
                    }
                  ]
                },
                {
                  "x_size": 3.5,
                  "y_size": 5.0,
                  "x": 121.0,
                  "y": 19.0,
                  "children": [
                    {
                      "x_size": 6.0,
                      "y_size": 3.0,
                      "x": 119.75,
                      "y": 24.0
                    }
                  ]
                }
              ]
            },
            {
              "x_size": 8.0,
              "y_size": 1.5,
              "x": 129.5,
              "y": 17.5,
              "children": [
                {
                  "x_size": 7.0,
                  "y_size": 6.5,
                  "x": 125.75,
                  "y": 19.0
                },
                {
                  "x_size": 8.5,
                  "y_size": 6.0,
                  "x": 132.75,
                  "y": 19.0,
                  "children": [
                    {
                      "x_size": 7.5,
                      "y_size": 1.5,
                      "x": 133.25,
                      "y": 25.0
                    }
                  ]
                }
              ]
            }
          ]
        },
        {
          "x_size": 9.5,
          "y_size": 7.0,
          "x": 143.5,
          "y": 10.5,
          "children": [
            {
              "x_size": 7.5,
              "y_size": 1.0,
              "x": 137.5,
              "y": 17.5
            },
            {
              "x_size": 7.5,
              "y_size": 2.0,
              "x": 145.0,
              "y": 17.5
            },
            {
              "x_size": 2.5,
              "y_size": 1.5,
              "x": 156.5,
              "y": 17.5,
              "children": [
                {
                  "x_size": 9.0,
                  "y_size": 4.0,
                  "x": 152.5,
                  "y": 19.0
                },
                {
                  "x_size": 1.5,
                  "y_size": 7.5,
                  "x": 161.5,
                  "y": 19.0,
                  "children": [
                    {
                      "x_size": 2.5,
                      "y_size": 1.0,
                      "x": 161.0,
                      "y": 26.5
                    }
                  ]
                }
              ]
            }
          ]
        },
        {
          "x_size": 6.5,
          "y_size": 3.0,
          "x": 153.0,
          "y": 10.5
        }
      ]
    },
    {
      "x_size": 3.5,
      "y_size": 3.5,
      "x": 181.625,
      "y": 4.5,
      "children": [
        {
          "x_size": 4.5,
          "y_size": 3.0,
          "x": 164.5,
          "y": 8.0,
          "children": [
            {
              "x_size": 8.5,
              "y_size": 4.5,
              "x": 159.5,
              "y": 11.0
            },
            {
              "x_size": 6.0,
              "y_size": 7.5,
              "x": 168.0,
              "y": 11.0
            }
          ]
        },
        {
          "x_size": 10.0,
          "y_size": 1.5,
          "x": 175.5,
          "y": 8.0,
          "children": [
            {
              "x_size": 6.0,
              "y_size": 7.5,
              "x": 174.75,
              "y": 9.5,
              "children": [
                {
                  "x_size": 7.5,
                  "y_size": 7.0,
                  "x": 174.0,
                  "y": 17.0
                }
              ]
            },
            {
              "x_size": 2.5,
              "y_size": 7.5,
              "x": 180.75,
              "y": 9.5
            },
            {
              "x_size": 3.0,
              "y_size": 4.5,
              "x": 183.25,
              "y": 9.5
            }
          ]
        },
        {
          "x_size": 1.0,
          "y_size": 8.5,
          "x": 187.875,
          "y": 8.0,
          "children": [
            {
              "x_size": 1.5,
              "y_size": 7.5,
              "x": 183.25,
              "y": 16.5
            },
            {
              "x_size": 3.5,
              "y_size": 9.5,
              "x": 184.75,
              "y": 16.5
            },
            {
              "x_size": 2.0,
              "y_size": 5.0,
              "x": 191.5,
              "y": 16.5,
              "children": [
                {
                  "x_size": 8.5,
                  "y_size": 6.0,
                  "x": 188.25,
                  "y": 21.5
                }
              ]
            }
          ]
        },
        {
          "x_size": 9.0,
          "y_size": 2.5,
          "x": 191.25,
          "y": 8.0,
          "children": [
            {
              "x_size": 1.0,
              "y_size": 8.5,
              "x": 195.25,
              "y": 10.5,
              "children": [
                {
                  "x_size": 4.5,
                  "y_size": 2.0,
                  "x": 193.5,
                  "y": 19.0
                }
              ]
            }
          ]
        },
        {
          "x_size": 2.0,
          "y_size": 9.0,
          "x": 200.25,
          "y": 8.0
        }
      ]
    },
    {
      "x_size": 5.0,
      "y_size": 2.0,
      "x": 221.0,
      "y": 4.5,
      "children": [
        {
          "x_size": 2.5,
          "y_size": 9.0,
          "x": 203.25,
          "y": 6.5,
          "children": [
            {
              "x_size": 4.5,
              "y_size": 3.0,
              "x": 202.25,
              "y": 15.5,
              "children": [
                {
                  "x_size": 4.0,
                  "y_size": 3.0,
                  "x": 201.0,
                  "y": 18.5
                },
                {
                  "x_size": 3.0,
                  "y_size": 2.0,
                  "x": 205.0,
                  "y": 18.5
                }
              ]
            }
          ]
        },
        {
          "x_size": 4.5,
          "y_size": 7.5,
          "x": 213.25,
          "y": 6.5,
          "children": [
            {
              "x_size": 7.5,
              "y_size": 3.0,
              "x": 207.0,
              "y": 14.0,
              "children": [
                {
                  "x_size": 5.5,
                  "y_size": 2.0,
                  "x": 208.0,
                  "y": 17.0
                }
              ]
            },
            {
              "x_size": 9.5,
              "y_size": 3.0,
              "x": 214.5,
              "y": 14.0,
              "children": [
                {
                  "x_size": 7.0,
                  "y_size": 3.5,
                  "x": 215.75,
                  "y": 17.0
                }
              ]
            }
          ]
        },
        {
          "x_size": 6.5,
          "y_size": 7.5,
          "x": 223.0,
          "y": 6.5,
          "children": [
            {
              "x_size": 4.5,
              "y_size": 7.0,
              "x": 224.0,
              "y": 14.0
            }
          ]
        },
        {
          "x_size": 7.5,
          "y_size": 8.0,
          "x": 229.5,
          "y": 6.5,
          "children": [
            {
              "x_size": 6.0,
              "y_size": 5.0,
              "x": 230.25,
              "y": 14.5
            }
          ]
        },
        {
          "x_size": 3.0,
          "y_size": 7.5,
          "x": 240.75,
          "y": 6.5,
          "children": [
            {
              "x_size": 9.0,
              "y_size": 3.5,
              "x": 237.0,
              "y": 14.0
            },
            {
              "x_size": 1.5,
              "y_size": 4.5,
              "x": 246.0,
              "y": 14.0
            }
          ]
        }
      ]
    },
    {
      "x_size": 7.0,
      "y_size": 3.5,
      "x": 265.625,
      "y": 4.5,
      "children": [
        {
          "x_size": 6.5,
          "y_size": 1.5,
          "x": 255.5,
          "y": 8.0,
          "children": [
            {
              "x_size": 2.5,
              "y_size": 3.5,
              "x": 252.5,
              "y": 9.5,
              "children": [
                {
                  "x_size": 9.0,
                  "y_size": 3.5,
                  "x": 247.5,
                  "y": 13.0
                },
                {
                  "x_size": 3.5,
                  "y_size": 6.0,
                  "x": 256.5,
                  "y": 13.0
                }
              ]
            },
            {
              "x_size": 5.0,
              "y_size": 7.0,
              "x": 260.0,
              "y": 9.5
            }
          ]
        },
        {
          "x_size": 5.0,
          "y_size": 9.5,
          "x": 268.25,
          "y": 8.0,
          "children": [
            {
              "x_size": 9.0,
              "y_size": 7.5,
              "x": 260.0,
              "y": 17.5
            },
            {
              "x_size": 5.0,
              "y_size": 9.0,
              "x": 269.0,
              "y": 17.5,
              "children": [
                {
                  "x_size": 5.0,
                  "y_size": 3.5,
                  "x": 269.0,
                  "y": 26.5
                }
              ]
            },
            {
              "x_size": 7.5,
              "y_size": 5.5,
              "x": 274.0,
              "y": 17.5
            }
          ]
        },
        {
          "x_size": 9.5,
          "y_size": 5.5,
          "x": 273.25,
          "y": 8.0,
          "children": [
            {
              "x_size": 2.5,
              "y_size": 3.0,
              "x": 276.75,
              "y": 13.5
            }
          ]
        }
      ]
    },
    {
      "x_size": 1.5,
      "y_size": 3.0,
      "x": 298.0,
      "y": 4.5,
      "children": [
        {
          "x_size": 9.5,
          "y_size": 3.5,
          "x": 282.75,
          "y": 7.5
        },
        {
          "x_size": 3.5,
          "y_size": 9.5,
          "x": 292.25,
          "y": 7.5,
          "children": [
            {
              "x_size": 2.0,
              "y_size": 2.0,
              "x": 293.0,
              "y": 17.0,
              "children": [
                {
                  "x_size": 3.5,
                  "y_size": 8.0,
                  "x": 292.25,
                  "y": 19.0
                }
              ]
            }
          ]
        },
        {
          "x_size": 8.5,
          "y_size": 9.5,
          "x": 295.75,
          "y": 7.5,
          "children": [
            {
              "x_size": 1.5,
              "y_size": 8.0,
              "x": 299.25,
              "y": 17.0
            }
          ]
        },
        {
          "x_size": 3.0,
          "y_size": 10.0,
          "x": 304.25,
          "y": 7.5
        },
        {
          "x_size": 7.5,
          "y_size": 3.0,
          "x": 307.25,
          "y": 7.5
        }
      ]
    },
    {
      "x_size": 1.0,
      "y_size": 5.0,
      "x": 344.625,
      "y": 4.5,
      "children": [
        {
          "x_size": 9.0,
          "y_size": 9.0,
          "x": 314.75,
          "y": 9.5,
          "children": [
            {
              "x_size": 8.0,
              "y_size": 6.0,
              "x": 315.25,
              "y": 18.5,
              "children": [
                {
                  "x_size": 8.0,
                  "y_size": 5.5,
                  "x": 311.5,
                  "y": 24.5
                },
                {
                  "x_size": 7.5,
                  "y_size": 5.5,
                  "x": 319.5,
                  "y": 24.5
                }
              ]
            }
          ]
        },
        {
          "x_size": 7.5,
          "y_size": 2.0,
          "x": 331.75,
          "y": 9.5,
          "children": [
            {
              "x_size": 5.5,
              "y_size": 10.0,
              "x": 329.0,
              "y": 11.5,
              "children": [
                {
                  "x_size": 9.5,
                  "y_size": 9.5,
                  "x": 327.0,
                  "y": 21.5
                }
              ]
            },
            {
              "x_size": 7.5,
              "y_size": 3.5,
              "x": 334.5,
              "y": 11.5
            }
          ]
        },
        {
          "x_size": 2.5,
          "y_size": 7.5,
          "x": 342.0,
          "y": 9.5,
          "children": [
            {
              "x_size": 8.0,
              "y_size": 8.0,
              "x": 339.25,
              "y": 17.0,
              "children": [
                {
                  "x_size": 8.5,
                  "y_size": 4.0,
                  "x": 339.0,
                  "y": 25.0
                }
              ]
            }
          ]
        },
        {
          "x_size": 10.0,
          "y_size": 6.0,
          "x": 344.75,
          "y": 9.5,
          "children": [
            {
              "x_size": 5.0,
              "y_size": 9.0,
              "x": 347.25,
              "y": 15.5
            }
          ]
        },
        {
          "x_size": 3.5,
          "y_size": 1.0,
          "x": 355.25,
          "y": 9.5,
          "children": [
            {
              "x_size": 4.5,
              "y_size": 5.5,
              "x": 354.75,
              "y": 10.5,
              "children": [
                {
                  "x_size": 9.0,
                  "y_size": 9.0,
                  "x": 352.5,
                  "y": 16.0
                }
              ]
            }
          ]
        },
        {
          "x_size": 5.5,
          "y_size": 5.0,
          "x": 364.75,
          "y": 9.5,
          "children": [
            {
              "x_size": 2.0,
              "y_size": 2.5,
              "x": 361.5,
              "y": 14.5
            },
            {
              "x_size": 10.0,
              "y_size": 9.5,
              "x": 363.5,
              "y": 14.5
            }
          ]
        },
        {
          "x_size": 1.0,
          "y_size": 9.0,
          "x": 374.5,
          "y": 9.5,
          "children": [
            {
              "x_size": 3.0,
              "y_size": 2.0,
              "x": 373.5,
              "y": 18.5
            }
          ]
        }
      ]
    },
    {
      "x_size": 9.0,
      "y_size": 6.0,
      "x": 387.25,
      "y": 4.5,
      "children": [
        {
          "x_size": 10.0,
          "y_size": 8.5,
          "x": 376.5,
          "y": 10.5,
          "children": [
            {
              "x_size": 9.5,
              "y_size": 4.0,
              "x": 376.75,
              "y": 19.0
            }
          ]
        },
        {
          "x_size": 9.0,
          "y_size": 9.5,
          "x": 386.5,
          "y": 10.5
        },
        {
          "x_size": 7.5,
          "y_size": 9.5,
          "x": 395.5,
          "y": 10.5,
          "children": [
            {
              "x_size": 7.0,
              "y_size": 6.0,
              "x": 395.75,
              "y": 20.0
            }
          ]
        },
        {
          "x_size": 4.0,
          "y_size": 8.0,
          "x": 403.0,
          "y": 10.5
        }
      ]
    },
    {
      "x_size": 2.0,
      "y_size": 8.5,
      "x": 419.75,
      "y": 4.5,
      "children": [
        {
          "x_size": 8.5,
          "y_size": 1.5,
          "x": 410.0,
          "y": 13.0,
          "children": [
            {
              "x_size": 5.5,
              "y_size": 1.5,
              "x": 407.0,
              "y": 14.5
            },
            {
              "x_size": 3.5,
              "y_size": 7.5,
              "x": 412.5,
              "y": 14.5,
              "children": [
                {
                  "x_size": 6.0,
                  "y_size": 3.5,
                  "x": 411.25,
                  "y": 22.0
                }
              ]
            },
            {
              "x_size": 2.5,
              "y_size": 9.0,
              "x": 419.0,
              "y": 14.5,
              "children": [
                {
                  "x_size": 6.0,
                  "y_size": 6.5,
                  "x": 417.25,
                  "y": 23.5,
                  "children": [
                    {
                      "x_size": 8.5,
                      "y_size": 6.0,
                      "x": 416.0,
                      "y": 30.0
                    }
                  ]
                }
              ]
            }
          ]
        },
        {
          "x_size": 5.5,
          "y_size": 2.0,
          "x": 426.0,
          "y": 13.0,
          "children": [
            {
              "x_size": 6.0,
              "y_size": 10.0,
              "x": 423.25,
              "y": 15.0
            },
            {
              "x_size": 5.0,
              "y_size": 8.0,
              "x": 429.25,
              "y": 15.0
            }
          ]
        }
      ]
    },
    {
      "x_size": 4.0,
      "y_size": 1.5,
      "x": 444.375,
      "y": 4.5,
      "children": [
        {
          "x_size": 3.5,
          "y_size": 4.5,
          "x": 432.5,
          "y": 6.0
        },
        {
          "x_size": 3.0,
          "y_size": 6.5,
          "x": 436.0,
          "y": 6.0,
          "children": [
            {
              "x_size": 6.5,
              "y_size": 9.0,
              "x": 434.25,
              "y": 12.5,
              "children": [
                {
                  "x_size": 2.5,
                  "y_size": 3.5,
                  "x": 436.25,
                  "y": 21.5
                }
              ]
            }
          ]
        },
        {
          "x_size": 4.5,
          "y_size": 3.0,
          "x": 446.75,
          "y": 6.0,
          "children": [
            {
              "x_size": 6.5,
              "y_size": 4.0,
              "x": 440.75,
              "y": 9.0
            },
            {
              "x_size": 10.0,
              "y_size": 2.0,
              "x": 447.25,
              "y": 9.0
            }
          ]
        },
        {
          "x_size": 9.0,
          "y_size": 1.5,
          "x": 451.25,
          "y": 6.0
        }
      ]
    },
    {
      "x_size": 3.0,
      "y_size": 6.0,
      "x": 460.25,
      "y": 4.5,
      "children": [
        {
          "x_size": 9.0,
          "y_size": 5.5,
          "x": 457.25,
          "y": 10.5,
          "children": [
            {
              "x_size": 5.5,
              "y_size": 7.0,
              "x": 459.0,
              "y": 16.0
            }
          ]
        }
      ]
    },
    {
      "x_size": 2.0,
      "y_size": 2.0,
      "x": 473.25,
      "y": 4.5,
      "children": [
        {
          "x_size": 8.5,
          "y_size": 1.0,
          "x": 466.0,
          "y": 6.5,
          "children": [
            {
              "x_size": 4.5,
              "y_size": 1.5,
              "x": 468.0,
              "y": 7.5,
              "children": [
                {
                  "x_size": 8.0,
                  "y_size": 3.0,
                  "x": 466.25,
                  "y": 9.0
                }
              ]
            }
          ]
        },
        {
          "x_size": 3.0,
          "y_size": 8.0,
          "x": 474.5,
          "y": 6.5,
          "children": [
            {
              "x_size": 7.5,
              "y_size": 7.0,
              "x": 472.25,
              "y": 14.5
            }
          ]
        },
        {
          "x_size": 3.5,
          "y_size": 8.0,
          "x": 479.0,
          "y": 6.5,
          "children": [
            {
              "x_size": 2.0,
              "y_size": 8.5,
              "x": 479.75,
              "y": 14.5
            }
          ]
        }
      ]
    },
    {
      "x_size": 8.0,
      "y_size": 9.0,
      "x": 484.5,
      "y": 4.5,
      "children": [
        {
          "x_size": 2.0,
          "y_size": 4.5,
          "x": 482.5,
          "y": 13.5,
          "children": [
            {
              "x_size": 2.5,
              "y_size": 6.5,
              "x": 482.25,
              "y": 18.0,
              "children": [
                {
                  "x_size": 7.0,
                  "y_size": 8.0,
                  "x": 480.0,
                  "y": 24.5
                }
              ]
            }
          ]
        },
        {
          "x_size": 6.5,
          "y_size": 6.0,
          "x": 488.0,
          "y": 13.5,
          "children": [
            {
              "x_size": 2.0,
              "y_size": 7.5,
              "x": 490.25,
              "y": 19.5,
              "children": [
                {
                  "x_size": 8.5,
                  "y_size": 5.5,
                  "x": 487.0,
                  "y": 27.0
                }
              ]
            }
          ]
        }
      ]
    },
    {
      "x_size": 9.0,
      "y_size": 5.5,
      "x": 492.5,
      "y": 4.5,
      "children": [
        {
          "x_size": 5.0,
          "y_size": 9.0,
          "x": 494.5,
          "y": 10.0
        }
      ]
    },
    {
      "x_size": 6.0,
      "y_size": 6.5,
      "x": 501.5,
      "y": 4.5,
      "children": [
        {
          "x_size": 5.0,
          "y_size": 6.5,
          "x": 502.0,
          "y": 11.0
        }
      ]
    },
    {
      "x_size": 8.0,
      "y_size": 6.0,
      "x": 508.0,
      "y": 4.5,
      "children": [
        {
          "x_size": 9.0,
          "y_size": 2.0,
          "x": 507.5,
          "y": 10.5
        }
      ]
    },
    {
      "x_size": 8.5,
      "y_size": 8.0,
      "x": 516.5,
      "y": 4.5
    }
  ]
}
